﻿
> vite_react_shadcn_ts@0.0.0 build
> vite build

[36mvite v5.4.10 [32mbuilding for production...[36m[39m
transforming...
[32mΓ£ô[39m 7 modules transformed.
node.exe : 
[31mx[39m Build 
failed in 586ms
At line:1 char:1
+ & "C:\Program Files\
nodejs/node.exe" 
"C:\Program 
Files\nodejs/node_mo 
...
+ ~~~~~~~~~~~~~~~~~~~~
~~~~~~~~~~~~~~~~~~~~~~
~~~~~~~~~~~~~~~~~~~~~~
~~~~~
    + CategoryInfo    
          : NotSpeci  
  fied: ([31mx[39   
 m Build failed in    
 586ms:String) []    
, RemoteException
    + FullyQualifiedE 
   rrorId : NativeCo  
  mmandError
 
[31merror during 
build:
[31mCould not 
resolve 
"./pages/Issues" from 
"src/App.tsx"[31m
file: 
[36mC:/Users/Rishi ya
dav/Documents/Devlup_S
OC/src/App.tsx[31m
    at getRollupError 
(file:///C:/Users/Rish
i%20yadav/Documents/De
vlup_SOC/node_modules/
rollup/dist/es/shared/
parseAst.js:395:41)
    at error (file:///
C:/Users/Rishi%20yadav
/Documents/Devlup_SOC/
node_modules/rollup/di
st/es/shared/parseAst.
js:391:42)
    at ModuleLoader.ha
ndleInvalidResolvedId 
(file:///C:/Users/Rish
i%20yadav/Documents/De
vlup_SOC/node_modules/
rollup/dist/es/shared/
node-entry.js:20006:24
)
    at file:///C:/User
s/Rishi%20yadav/Docume
nts/Devlup_SOC/node_mo
dules/rollup/dist/es/s
hared/node-entry.js:19
966:26[39m
